// Jest Snapshot v1, https://goo.gl/fbAQLP

exports[`Badge renders correctly for color amber and rounded default 1`] = `null`;

exports[`Badge renders correctly for color amber and rounded full 1`] = `null`;

exports[`Badge renders correctly for color blue and rounded default 1`] = `null`;

exports[`Badge renders correctly for color blue and rounded full 1`] = `null`;

exports[`Badge renders correctly for color cyan and rounded default 1`] = `null`;

exports[`Badge renders correctly for color cyan and rounded full 1`] = `null`;

exports[`Badge renders correctly for color emerald and rounded default 1`] = `null`;

exports[`Badge renders correctly for color emerald and rounded full 1`] = `null`;

exports[`Badge renders correctly for color fuchsia and rounded default 1`] = `null`;

exports[`Badge renders correctly for color fuchsia and rounded full 1`] = `null`;

exports[`Badge renders correctly for color green and rounded default 1`] = `null`;

exports[`Badge renders correctly for color green and rounded full 1`] = `null`;

exports[`Badge renders correctly for color indigo and rounded default 1`] = `null`;

exports[`Badge renders correctly for color indigo and rounded full 1`] = `null`;

exports[`Badge renders correctly for color lime and rounded default 1`] = `null`;

exports[`Badge renders correctly for color lime and rounded full 1`] = `null`;

exports[`Badge renders correctly for color neutral and rounded default 1`] = `null`;

exports[`Badge renders correctly for color neutral and rounded full 1`] = `null`;

exports[`Badge renders correctly for color orange and rounded default 1`] = `null`;

exports[`Badge renders correctly for color orange and rounded full 1`] = `null`;

exports[`Badge renders correctly for color pink and rounded default 1`] = `null`;

exports[`Badge renders correctly for color pink and rounded full 1`] = `null`;

exports[`Badge renders correctly for color purple and rounded default 1`] = `null`;

exports[`Badge renders correctly for color purple and rounded full 1`] = `null`;

exports[`Badge renders correctly for color red and rounded default 1`] = `null`;

exports[`Badge renders correctly for color red and rounded full 1`] = `null`;

exports[`Badge renders correctly for color rose and rounded default 1`] = `null`;

exports[`Badge renders correctly for color rose and rounded full 1`] = `null`;

exports[`Badge renders correctly for color slate and rounded default 1`] = `null`;

exports[`Badge renders correctly for color slate and rounded full 1`] = `null`;

exports[`Badge renders correctly for color stone and rounded default 1`] = `null`;

exports[`Badge renders correctly for color stone and rounded full 1`] = `null`;

exports[`Badge renders correctly for color teal and rounded default 1`] = `null`;

exports[`Badge renders correctly for color teal and rounded full 1`] = `null`;

exports[`Badge renders correctly for color violet and rounded default 1`] = `null`;

exports[`Badge renders correctly for color violet and rounded full 1`] = `null`;

exports[`Badge renders correctly for color yellow and rounded default 1`] = `null`;

exports[`Badge renders correctly for color yellow and rounded full 1`] = `null`;

exports[`Badge renders correctly for color zinc and rounded default 1`] = `null`;

exports[`Badge renders correctly for color zinc and rounded full 1`] = `null`;
