// Jest Snapshot v1, https://goo.gl/fbAQLP

exports[`Alert renders alert component with error status correctly 1`] = `null`;

exports[`Alert renders alert component with info status correctly 1`] = `null`;

exports[`Alert renders alert component with success status correctly 1`] = `null`;

exports[`Alert renders alert component with warning status correctly 1`] = `null`;
