// Jest Snapshot v1, https://goo.gl/fbAQLP

exports[`Accordion renders correctly 1`] = `
<button
  className="w-full overflow-hidden rounded-3xl border border-zinc-100 bg-white dark:border-zinc-900 dark:bg-zinc-950"
  onClick={[Function]}
  style={{}}
>
  <div
    className="flex w-full items-center bg-zinc-100 p-4 pl-5 text-zinc-800 dark:bg-zinc-900 dark:text-zinc-200"
    style={{}}
  >
    <b
      className="select-none text-sm font-medium !text-zinc-800 dark:!text-zinc-200"
      style={{}}
    >
      Question
    </b>
    <div
      className="ml-auto flex items-center"
      style={{}}
    >
      <div>
        ArrowLeft
      </div>
    </div>
  </div>
</button>
`;
