// Jest Snapshot v1, https://goo.gl/fbAQLP

exports[`AnimatedBeam renders correctly 1`] = `
<svg
  className="pointer-events-none absolute left-0 top-0 transform-gpu stroke-2"
  fill="none"
  height={0}
  viewBox="0 0 0 0"
  width={0}
  xmlns="http://www.w3.org/2000/svg"
>
  <path
    d=""
    stroke="gray"
    strokeLinecap="round"
    strokeOpacity={0.2}
    strokeWidth={2}
  />
  <path
    d=""
    stroke="url(#:r0:)"
    strokeLinecap="round"
    strokeOpacity="1"
    strokeWidth={2}
  />
  <defs>
    <linearGradient
      className="transform-gpu"
      gradientUnits="userSpaceOnUse"
      id=":r0:"
      style={{}}
      x1="0%"
      x2="0%"
      y1="0%"
      y2="0%"
    >
      <stop
        stopColor="#ffaa40"
        stopOpacity="0"
      />
      <stop
        stopColor="#ffaa40"
      />
      <stop
        offset="32.5%"
        stopColor="#9c40ff"
      />
      <stop
        offset="100%"
        stopColor="#9c40ff"
        stopOpacity="0"
      />
    </linearGradient>
  </defs>
</svg>
`;
