// Jest Snapshot v1, https://goo.gl/fbAQLP

exports[`Dialog render with alignment: bottom 1`] = `null`;

exports[`Dialog render with alignment: bottom-left 1`] = `null`;

exports[`Dialog render with alignment: bottom-right 1`] = `null`;

exports[`Dialog render with alignment: center 1`] = `null`;

exports[`Dialog render with alignment: left 1`] = `null`;

exports[`Dialog render with alignment: right 1`] = `null`;

exports[`Dialog render with alignment: top 1`] = `null`;

exports[`Dialog render with alignment: top-left 1`] = `null`;

exports[`Dialog render with alignment: top-right 1`] = `null`;
