// Jest Snapshot v1, https://goo.gl/fbAQLP

exports[`Avatar renders correctly with rounded default and size large 1`] = `null`;

exports[`Avatar renders correctly with rounded default and size medium 1`] = `null`;

exports[`Avatar renders correctly with rounded default and size small 1`] = `null`;

exports[`Avatar renders correctly with rounded default and size tiny 1`] = `null`;

exports[`Avatar renders correctly with rounded full and size large 1`] = `null`;

exports[`Avatar renders correctly with rounded full and size medium 1`] = `null`;

exports[`Avatar renders correctly with rounded full and size small 1`] = `null`;

exports[`Avatar renders correctly with rounded full and size tiny 1`] = `null`;
