// Jest Snapshot v1, https://goo.gl/fbAQLP

exports[`Divider renders correctly 1`] = `
<div
  className="mx-auto flex w-full max-w-screen-sm gap-2"
  style={{}}
>
  <div
    className="h-[1px] flex-grow rounded-sm bg-zinc-300 dark:bg-zinc-700"
  />
  <div
    className="h-[1px] flex-grow rounded-sm bg-zinc-300 dark:bg-zinc-700"
  />
  <div
    className="h-[1px] flex-grow rounded-sm bg-zinc-300 dark:bg-zinc-700"
  />
  <div
    className="h-[1px] flex-grow rounded-sm bg-zinc-300 dark:bg-zinc-700"
  />
  <div
    className="h-[1px] flex-grow rounded-sm bg-zinc-300 dark:bg-zinc-700"
  />
  <div
    className="h-[1px] flex-grow rounded-sm bg-zinc-300 dark:bg-zinc-700"
  />
  <div
    className="h-[1px] flex-grow rounded-sm bg-zinc-300 dark:bg-zinc-700"
  />
  <div
    className="h-[1px] flex-grow rounded-sm bg-zinc-300 dark:bg-zinc-700"
  />
  <div
    className="h-[1px] flex-grow rounded-sm bg-zinc-300 dark:bg-zinc-700"
  />
  <div
    className="h-[1px] flex-grow rounded-sm bg-zinc-300 dark:bg-zinc-700"
  />
  <div
    className="h-[1px] flex-grow rounded-sm bg-zinc-300 dark:bg-zinc-700"
  />
  <div
    className="h-[1px] flex-grow rounded-sm bg-zinc-300 dark:bg-zinc-700"
  />
  <div
    className="h-[1px] flex-grow rounded-sm bg-zinc-300 dark:bg-zinc-700"
  />
  <div
    className="h-[1px] flex-grow rounded-sm bg-zinc-300 dark:bg-zinc-700 !hidden sm:!block"
  />
  <div
    className="h-[1px] flex-grow rounded-sm bg-zinc-300 dark:bg-zinc-700 !hidden sm:!block"
  />
  <div
    className="h-[1px] flex-grow rounded-sm bg-zinc-300 dark:bg-zinc-700 !hidden sm:!block"
  />
  <div
    className="h-[1px] flex-grow rounded-sm bg-zinc-300 dark:bg-zinc-700 !hidden sm:!block"
  />
  <div
    className="h-[1px] flex-grow rounded-sm bg-zinc-300 dark:bg-zinc-700 !hidden sm:!block"
  />
  <div
    className="h-[1px] flex-grow rounded-sm bg-zinc-300 dark:bg-zinc-700 !hidden sm:!block"
  />
  <div
    className="h-[1px] flex-grow rounded-sm bg-zinc-300 dark:bg-zinc-700 !hidden sm:!block"
  />
  <div
    className="h-[1px] flex-grow rounded-sm bg-zinc-300 dark:bg-zinc-700 !hidden sm:!block"
  />
  <div
    className="h-[1px] flex-grow rounded-sm bg-zinc-300 dark:bg-zinc-700 !hidden sm:!block"
  />
  <div
    className="h-[1px] flex-grow rounded-sm bg-zinc-300 dark:bg-zinc-700 !hidden sm:!block"
  />
  <div
    className="h-[1px] flex-grow rounded-sm bg-zinc-300 dark:bg-zinc-700 !hidden sm:!block"
  />
  <div
    className="h-[1px] flex-grow rounded-sm bg-zinc-300 dark:bg-zinc-700 !hidden sm:!block"
  />
  <div
    className="h-[1px] flex-grow rounded-sm bg-zinc-300 dark:bg-zinc-700 !hidden sm:!block"
  />
  <div
    className="h-[1px] flex-grow rounded-sm bg-zinc-300 dark:bg-zinc-700 !hidden sm:!block"
  />
  <div
    className="h-[1px] flex-grow rounded-sm bg-zinc-300 dark:bg-zinc-700 !hidden sm:!block"
  />
  <div
    className="h-[1px] flex-grow rounded-sm bg-zinc-300 dark:bg-zinc-700 !hidden sm:!block"
  />
  <div
    className="h-[1px] flex-grow rounded-sm bg-zinc-300 dark:bg-zinc-700 !hidden sm:!block"
  />
  <div
    className="h-[1px] flex-grow rounded-sm bg-zinc-300 dark:bg-zinc-700 !hidden sm:!block"
  />
  <div
    className="h-[1px] flex-grow rounded-sm bg-zinc-300 dark:bg-zinc-700 !hidden sm:!block"
  />
</div>
`;
