// Jest Snapshot v1, https://goo.gl/fbAQLP

exports[`Button renders button with large size, black variants, and gradient mode 1`] = `null`;

exports[`Button renders button with large size, black variants, and simple mode 1`] = `null`;

exports[`Button renders button with large size, indigo variants, and gradient mode 1`] = `null`;

exports[`Button renders button with large size, indigo variants, and simple mode 1`] = `null`;

exports[`Button renders button with large size, white variants, and gradient mode 1`] = `null`;

exports[`Button renders button with large size, white variants, and simple mode 1`] = `null`;

exports[`Button renders button with medium size, black variants, and gradient mode 1`] = `null`;

exports[`Button renders button with medium size, black variants, and simple mode 1`] = `null`;

exports[`Button renders button with medium size, indigo variants, and gradient mode 1`] = `null`;

exports[`Button renders button with medium size, indigo variants, and simple mode 1`] = `null`;

exports[`Button renders button with medium size, white variants, and gradient mode 1`] = `null`;

exports[`Button renders button with medium size, white variants, and simple mode 1`] = `null`;

exports[`Button renders button with small size, black variants, and gradient mode 1`] = `null`;

exports[`Button renders button with small size, black variants, and simple mode 1`] = `null`;

exports[`Button renders button with small size, indigo variants, and gradient mode 1`] = `null`;

exports[`Button renders button with small size, indigo variants, and simple mode 1`] = `null`;

exports[`Button renders button with small size, white variants, and gradient mode 1`] = `null`;

exports[`Button renders button with small size, white variants, and simple mode 1`] = `null`;
