// Jest Snapshot v1, https://goo.gl/fbAQLP

exports[`AnimatedGradientText renders correctly 1`] = `
<DocumentFragment>
  <svg
    aria-hidden="true"
    class="pointer-events-none absolute inset-0 h-full w-full fill-zinc-300 dark:fill-zinc-700"
  >
    <defs>
      <pattern
        height="16"
        id=":r0:"
        patternContentUnits="userSpaceOnUse"
        patternUnits="userSpaceOnUse"
        width="16"
        x="0"
        y="0"
      >
        <circle
          cx="1"
          cy="1"
          id="pattern-circle"
          r="1"
        />
      </pattern>
    </defs>
    <rect
      fill="url(#:r0:)"
      height="100%"
      stroke-width="0"
      width="100%"
    />
  </svg>
</DocumentFragment>
`;
